
56. Executing PROC_DLATCH pass (convert process syncs to latches).
No latch inferred for signal `$paramod$6ce867071e603ba4daa1c576857077a9d7613c6a\picorv32.\cpuregs_rs1' from process `$paramod$6ce867071e603ba4daa1c576857077a9d7613c6a\picorv32.$proc$/home/hp013579/ihp-sg13g2-librelane/src/picorv32.v:1363$1868'.
No latch inferred for signal `$paramod$6ce867071e603ba4daa1c576857077a9d7613c6a\picorv32.\cpuregs_rs2' from process `$paramod$6ce867071e603ba4daa1c576857077a9d7613c6a\picorv32.$proc$/home/hp013579/ihp-sg13g2-librelane/src/picorv32.v:1363$1868'.
No latch inferred for signal `$paramod$6ce867071e603ba4daa1c576857077a9d7613c6a\picorv32.\decoded_rs' from process `$paramod$6ce867071e603ba4daa1c576857077a9d7613c6a\picorv32.$proc$/home/hp013579/ihp-sg13g2-librelane/src/picorv32.v:1363$1868'.
No latch inferred for signal `$paramod$6ce867071e603ba4daa1c576857077a9d7613c6a\picorv32.\cpuregs_write' from process `$paramod$6ce867071e603ba4daa1c576857077a9d7613c6a\picorv32.$proc$/home/hp013579/ihp-sg13g2-librelane/src/picorv32.v:1326$1804'.
No latch inferred for signal `$paramod$6ce867071e603ba4daa1c576857077a9d7613c6a\picorv32.\cpuregs_wrdata' from process `$paramod$6ce867071e603ba4daa1c576857077a9d7613c6a\picorv32.$proc$/home/hp013579/ihp-sg13g2-librelane/src/picorv32.v:1326$1804'.
No latch inferred for signal `$paramod$6ce867071e603ba4daa1c576857077a9d7613c6a\picorv32.\clear_prefetched_high_word' from process `$paramod$6ce867071e603ba4daa1c576857077a9d7613c6a\picorv32.$proc$/home/hp013579/ihp-sg13g2-librelane/src/picorv32.v:1312$1799'.
No latch inferred for signal `$paramod$6ce867071e603ba4daa1c576857077a9d7613c6a\picorv32.\alu_out' from process `$paramod$6ce867071e603ba4daa1c576857077a9d7613c6a\picorv32.$proc$/home/hp013579/ihp-sg13g2-librelane/src/picorv32.v:1264$1776'.
No latch inferred for signal `$paramod$6ce867071e603ba4daa1c576857077a9d7613c6a\picorv32.\alu_out_0' from process `$paramod$6ce867071e603ba4daa1c576857077a9d7613c6a\picorv32.$proc$/home/hp013579/ihp-sg13g2-librelane/src/picorv32.v:1264$1776'.
No latch inferred for signal `$paramod$6ce867071e603ba4daa1c576857077a9d7613c6a\picorv32.\dbg_ascii_state' from process `$paramod$6ce867071e603ba4daa1c576857077a9d7613c6a\picorv32.$proc$/home/hp013579/ihp-sg13g2-librelane/src/picorv32.v:1201$1764'.
No latch inferred for signal `$paramod$6ce867071e603ba4daa1c576857077a9d7613c6a\picorv32.\dbg_insn_opcode' from process `$paramod$6ce867071e603ba4daa1c576857077a9d7613c6a\picorv32.$proc$/home/hp013579/ihp-sg13g2-librelane/src/picorv32.v:823$1502'.
No latch inferred for signal `$paramod$6ce867071e603ba4daa1c576857077a9d7613c6a\picorv32.\dbg_ascii_instr' from process `$paramod$6ce867071e603ba4daa1c576857077a9d7613c6a\picorv32.$proc$/home/hp013579/ihp-sg13g2-librelane/src/picorv32.v:823$1502'.
No latch inferred for signal `$paramod$6ce867071e603ba4daa1c576857077a9d7613c6a\picorv32.\dbg_insn_imm' from process `$paramod$6ce867071e603ba4daa1c576857077a9d7613c6a\picorv32.$proc$/home/hp013579/ihp-sg13g2-librelane/src/picorv32.v:823$1502'.
No latch inferred for signal `$paramod$6ce867071e603ba4daa1c576857077a9d7613c6a\picorv32.\dbg_insn_rs1' from process `$paramod$6ce867071e603ba4daa1c576857077a9d7613c6a\picorv32.$proc$/home/hp013579/ihp-sg13g2-librelane/src/picorv32.v:823$1502'.
No latch inferred for signal `$paramod$6ce867071e603ba4daa1c576857077a9d7613c6a\picorv32.\dbg_insn_rs2' from process `$paramod$6ce867071e603ba4daa1c576857077a9d7613c6a\picorv32.$proc$/home/hp013579/ihp-sg13g2-librelane/src/picorv32.v:823$1502'.
No latch inferred for signal `$paramod$6ce867071e603ba4daa1c576857077a9d7613c6a\picorv32.\dbg_insn_rd' from process `$paramod$6ce867071e603ba4daa1c576857077a9d7613c6a\picorv32.$proc$/home/hp013579/ihp-sg13g2-librelane/src/picorv32.v:823$1502'.
No latch inferred for signal `$paramod$6ce867071e603ba4daa1c576857077a9d7613c6a\picorv32.\new_ascii_instr' from process `$paramod$6ce867071e603ba4daa1c576857077a9d7613c6a\picorv32.$proc$/home/hp013579/ihp-sg13g2-librelane/src/picorv32.v:716$1497'.
No latch inferred for signal `$paramod$6ce867071e603ba4daa1c576857077a9d7613c6a\picorv32.\alu_add_sub' from process `$paramod$6ce867071e603ba4daa1c576857077a9d7613c6a\picorv32.$proc$/home/hp013579/ihp-sg13g2-librelane/src/picorv32.v:1254$2062'.
No latch inferred for signal `$paramod$6ce867071e603ba4daa1c576857077a9d7613c6a\picorv32.\alu_shl' from process `$paramod$6ce867071e603ba4daa1c576857077a9d7613c6a\picorv32.$proc$/home/hp013579/ihp-sg13g2-librelane/src/picorv32.v:1254$2062'.
No latch inferred for signal `$paramod$6ce867071e603ba4daa1c576857077a9d7613c6a\picorv32.\alu_shr' from process `$paramod$6ce867071e603ba4daa1c576857077a9d7613c6a\picorv32.$proc$/home/hp013579/ihp-sg13g2-librelane/src/picorv32.v:1254$2062'.
No latch inferred for signal `$paramod$6ce867071e603ba4daa1c576857077a9d7613c6a\picorv32.\alu_eq' from process `$paramod$6ce867071e603ba4daa1c576857077a9d7613c6a\picorv32.$proc$/home/hp013579/ihp-sg13g2-librelane/src/picorv32.v:1254$2062'.
No latch inferred for signal `$paramod$6ce867071e603ba4daa1c576857077a9d7613c6a\picorv32.\alu_ltu' from process `$paramod$6ce867071e603ba4daa1c576857077a9d7613c6a\picorv32.$proc$/home/hp013579/ihp-sg13g2-librelane/src/picorv32.v:1254$2062'.
No latch inferred for signal `$paramod$6ce867071e603ba4daa1c576857077a9d7613c6a\picorv32.\alu_lts' from process `$paramod$6ce867071e603ba4daa1c576857077a9d7613c6a\picorv32.$proc$/home/hp013579/ihp-sg13g2-librelane/src/picorv32.v:1254$2062'.
No latch inferred for signal `$paramod$6ce867071e603ba4daa1c576857077a9d7613c6a\picorv32.\mem_la_wdata' from process `$paramod$6ce867071e603ba4daa1c576857077a9d7613c6a\picorv32.$proc$/home/hp013579/ihp-sg13g2-librelane/src/picorv32.v:397$1432'.
No latch inferred for signal `$paramod$6ce867071e603ba4daa1c576857077a9d7613c6a\picorv32.\mem_la_wstrb' from process `$paramod$6ce867071e603ba4daa1c576857077a9d7613c6a\picorv32.$proc$/home/hp013579/ihp-sg13g2-librelane/src/picorv32.v:397$1432'.
No latch inferred for signal `$paramod$6ce867071e603ba4daa1c576857077a9d7613c6a\picorv32.\mem_rdata_word' from process `$paramod$6ce867071e603ba4daa1c576857077a9d7613c6a\picorv32.$proc$/home/hp013579/ihp-sg13g2-librelane/src/picorv32.v:397$1432'.
No latch inferred for signal `$paramod$6ce867071e603ba4daa1c576857077a9d7613c6a\picorv32.\pcpi_int_wr' from process `$paramod$6ce867071e603ba4daa1c576857077a9d7613c6a\picorv32.$proc$/home/hp013579/ihp-sg13g2-librelane/src/picorv32.v:317$1353'.
No latch inferred for signal `$paramod$6ce867071e603ba4daa1c576857077a9d7613c6a\picorv32.\pcpi_int_rd' from process `$paramod$6ce867071e603ba4daa1c576857077a9d7613c6a\picorv32.$proc$/home/hp013579/ihp-sg13g2-librelane/src/picorv32.v:317$1353'.
No latch inferred for signal `$paramod$6ce867071e603ba4daa1c576857077a9d7613c6a\picorv32.\pcpi_int_wait' from process `$paramod$6ce867071e603ba4daa1c576857077a9d7613c6a\picorv32.$proc$/home/hp013579/ihp-sg13g2-librelane/src/picorv32.v:317$1353'.
No latch inferred for signal `$paramod$6ce867071e603ba4daa1c576857077a9d7613c6a\picorv32.\pcpi_int_ready' from process `$paramod$6ce867071e603ba4daa1c576857077a9d7613c6a\picorv32.$proc$/home/hp013579/ihp-sg13g2-librelane/src/picorv32.v:317$1353'.
No latch inferred for signal `$paramod\qosoc_rtc\SIM_SPEEDUP=s32'00000000000000000000000000000000.\next_sec' from process `$paramod\qosoc_rtc\SIM_SPEEDUP=s32'00000000000000000000000000000000.$proc$/home/hp013579/ihp-sg13g2-librelane/src/qosoc_rtc.v:426$949'.
No latch inferred for signal `$paramod\qosoc_rtc\SIM_SPEEDUP=s32'00000000000000000000000000000000.\next_min' from process `$paramod\qosoc_rtc\SIM_SPEEDUP=s32'00000000000000000000000000000000.$proc$/home/hp013579/ihp-sg13g2-librelane/src/qosoc_rtc.v:426$949'.
No latch inferred for signal `$paramod\qosoc_rtc\SIM_SPEEDUP=s32'00000000000000000000000000000000.\next_hour' from process `$paramod\qosoc_rtc\SIM_SPEEDUP=s32'00000000000000000000000000000000.$proc$/home/hp013579/ihp-sg13g2-librelane/src/qosoc_rtc.v:426$949'.
No latch inferred for signal `$paramod\qosoc_rtc\SIM_SPEEDUP=s32'00000000000000000000000000000000.\next_day' from process `$paramod\qosoc_rtc\SIM_SPEEDUP=s32'00000000000000000000000000000000.$proc$/home/hp013579/ihp-sg13g2-librelane/src/qosoc_rtc.v:426$949'.
No latch inferred for signal `$paramod\qosoc_rtc\SIM_SPEEDUP=s32'00000000000000000000000000000000.\dim' from process `$paramod\qosoc_rtc\SIM_SPEEDUP=s32'00000000000000000000000000000000.$proc$/home/hp013579/ihp-sg13g2-librelane/src/qosoc_rtc.v:402$944'.
No latch inferred for signal `$paramod\qosoc_rtc\SIM_SPEEDUP=s32'00000000000000000000000000000000.\wb_dat_o_reg' from process `$paramod\qosoc_rtc\SIM_SPEEDUP=s32'00000000000000000000000000000000.$proc$/home/hp013579/ihp-sg13g2-librelane/src/qosoc_rtc.v:348$934'.
No latch inferred for signal `\ptc_top.\wb_dat_o' from process `\ptc_top.$proc$/home/hp013579/ihp-sg13g2-librelane/src/ptc_top.v:329$875'.
No latch inferred for signal `\gpio_top.\wb_dat' from process `\gpio_top.$proc$/home/hp013579/ihp-sg13g2-librelane/src/gpio_top.v:1003$720'.
No latch inferred for signal `\qosoc_bus.\m_dat_o' from process `\qosoc_bus.$proc$/home/hp013579/ihp-sg13g2-librelane/src/qosoc_bus.v:403$495'.
No latch inferred for signal `\qosoc_bus.\m_ack_o' from process `\qosoc_bus.$proc$/home/hp013579/ihp-sg13g2-librelane/src/qosoc_bus.v:403$495'.
No latch inferred for signal `\qosoc_bus.\m_err_o' from process `\qosoc_bus.$proc$/home/hp013579/ihp-sg13g2-librelane/src/qosoc_bus.v:403$495'.
No latch inferred for signal `\qosoc_bus.\m_stall_o' from process `\qosoc_bus.$proc$/home/hp013579/ihp-sg13g2-librelane/src/qosoc_bus.v:403$495'.
No latch inferred for signal `\qosoc_bus.\wb_dat_mux' from process `\qosoc_bus.$proc$/home/hp013579/ihp-sg13g2-librelane/src/qosoc_bus.v:323$492'.
No latch inferred for signal `\qosoc_bus.\wb_ack_mux' from process `\qosoc_bus.$proc$/home/hp013579/ihp-sg13g2-librelane/src/qosoc_bus.v:323$492'.
No latch inferred for signal `\qosoc_bus.\wb_err_mux' from process `\qosoc_bus.$proc$/home/hp013579/ihp-sg13g2-librelane/src/qosoc_bus.v:323$492'.
No latch inferred for signal `\qosoc_bus.\wb_stall_mux' from process `\qosoc_bus.$proc$/home/hp013579/ihp-sg13g2-librelane/src/qosoc_bus.v:323$492'.
No latch inferred for signal `\qosoc_bus.\qspi_dat_o' from process `\qosoc_bus.$proc$/home/hp013579/ihp-sg13g2-librelane/src/qosoc_bus.v:225$491'.
No latch inferred for signal `\qosoc_bus.\rom_adr_o' from process `\qosoc_bus.$proc$/home/hp013579/ihp-sg13g2-librelane/src/qosoc_bus.v:225$491'.
No latch inferred for signal `\qosoc_bus.\rom_dat_o' from process `\qosoc_bus.$proc$/home/hp013579/ihp-sg13g2-librelane/src/qosoc_bus.v:225$491'.
No latch inferred for signal `\qosoc_bus.\rom_sel_o' from process `\qosoc_bus.$proc$/home/hp013579/ihp-sg13g2-librelane/src/qosoc_bus.v:225$491'.
No latch inferred for signal `\qosoc_bus.\rom_we_o' from process `\qosoc_bus.$proc$/home/hp013579/ihp-sg13g2-librelane/src/qosoc_bus.v:225$491'.
No latch inferred for signal `\qosoc_bus.\rom_cyc_o' from process `\qosoc_bus.$proc$/home/hp013579/ihp-sg13g2-librelane/src/qosoc_bus.v:225$491'.
No latch inferred for signal `\qosoc_bus.\rom_stb_o' from process `\qosoc_bus.$proc$/home/hp013579/ihp-sg13g2-librelane/src/qosoc_bus.v:225$491'.
No latch inferred for signal `\qosoc_bus.\sram_adr_o' from process `\qosoc_bus.$proc$/home/hp013579/ihp-sg13g2-librelane/src/qosoc_bus.v:225$491'.
No latch inferred for signal `\qosoc_bus.\sram_dat_o' from process `\qosoc_bus.$proc$/home/hp013579/ihp-sg13g2-librelane/src/qosoc_bus.v:225$491'.
No latch inferred for signal `\qosoc_bus.\sram_sel_o' from process `\qosoc_bus.$proc$/home/hp013579/ihp-sg13g2-librelane/src/qosoc_bus.v:225$491'.
No latch inferred for signal `\qosoc_bus.\sram_we_o' from process `\qosoc_bus.$proc$/home/hp013579/ihp-sg13g2-librelane/src/qosoc_bus.v:225$491'.
No latch inferred for signal `\qosoc_bus.\sram_cyc_o' from process `\qosoc_bus.$proc$/home/hp013579/ihp-sg13g2-librelane/src/qosoc_bus.v:225$491'.
No latch inferred for signal `\qosoc_bus.\sram_stb_o' from process `\qosoc_bus.$proc$/home/hp013579/ihp-sg13g2-librelane/src/qosoc_bus.v:225$491'.
No latch inferred for signal `\qosoc_bus.\qspi_adr_o' from process `\qosoc_bus.$proc$/home/hp013579/ihp-sg13g2-librelane/src/qosoc_bus.v:225$491'.
No latch inferred for signal `\qosoc_bus.\qspi_sel_o' from process `\qosoc_bus.$proc$/home/hp013579/ihp-sg13g2-librelane/src/qosoc_bus.v:225$491'.
No latch inferred for signal `\qosoc_bus.\qspi_we_o' from process `\qosoc_bus.$proc$/home/hp013579/ihp-sg13g2-librelane/src/qosoc_bus.v:225$491'.
No latch inferred for signal `\qosoc_bus.\qspi_cyc_o' from process `\qosoc_bus.$proc$/home/hp013579/ihp-sg13g2-librelane/src/qosoc_bus.v:225$491'.
No latch inferred for signal `\qosoc_bus.\qspi_stb_o' from process `\qosoc_bus.$proc$/home/hp013579/ihp-sg13g2-librelane/src/qosoc_bus.v:225$491'.
No latch inferred for signal `\qosoc_bus.\gpio_adr_o' from process `\qosoc_bus.$proc$/home/hp013579/ihp-sg13g2-librelane/src/qosoc_bus.v:225$491'.
No latch inferred for signal `\qosoc_bus.\gpio_dat_o' from process `\qosoc_bus.$proc$/home/hp013579/ihp-sg13g2-librelane/src/qosoc_bus.v:225$491'.
No latch inferred for signal `\qosoc_bus.\gpio_sel_o' from process `\qosoc_bus.$proc$/home/hp013579/ihp-sg13g2-librelane/src/qosoc_bus.v:225$491'.
No latch inferred for signal `\qosoc_bus.\gpio_we_o' from process `\qosoc_bus.$proc$/home/hp013579/ihp-sg13g2-librelane/src/qosoc_bus.v:225$491'.
No latch inferred for signal `\qosoc_bus.\gpio_cyc_o' from process `\qosoc_bus.$proc$/home/hp013579/ihp-sg13g2-librelane/src/qosoc_bus.v:225$491'.
No latch inferred for signal `\qosoc_bus.\gpio_stb_o' from process `\qosoc_bus.$proc$/home/hp013579/ihp-sg13g2-librelane/src/qosoc_bus.v:225$491'.
No latch inferred for signal `\qosoc_bus.\uart_adr_o' from process `\qosoc_bus.$proc$/home/hp013579/ihp-sg13g2-librelane/src/qosoc_bus.v:225$491'.
No latch inferred for signal `\qosoc_bus.\uart_dat_o' from process `\qosoc_bus.$proc$/home/hp013579/ihp-sg13g2-librelane/src/qosoc_bus.v:225$491'.
No latch inferred for signal `\qosoc_bus.\uart_sel_o' from process `\qosoc_bus.$proc$/home/hp013579/ihp-sg13g2-librelane/src/qosoc_bus.v:225$491'.
No latch inferred for signal `\qosoc_bus.\uart_we_o' from process `\qosoc_bus.$proc$/home/hp013579/ihp-sg13g2-librelane/src/qosoc_bus.v:225$491'.
No latch inferred for signal `\qosoc_bus.\uart_cyc_o' from process `\qosoc_bus.$proc$/home/hp013579/ihp-sg13g2-librelane/src/qosoc_bus.v:225$491'.
No latch inferred for signal `\qosoc_bus.\uart_stb_o' from process `\qosoc_bus.$proc$/home/hp013579/ihp-sg13g2-librelane/src/qosoc_bus.v:225$491'.
No latch inferred for signal `\qosoc_bus.\i2c_adr_o' from process `\qosoc_bus.$proc$/home/hp013579/ihp-sg13g2-librelane/src/qosoc_bus.v:225$491'.
No latch inferred for signal `\qosoc_bus.\i2c_dat_o' from process `\qosoc_bus.$proc$/home/hp013579/ihp-sg13g2-librelane/src/qosoc_bus.v:225$491'.
No latch inferred for signal `\qosoc_bus.\i2c_sel_o' from process `\qosoc_bus.$proc$/home/hp013579/ihp-sg13g2-librelane/src/qosoc_bus.v:225$491'.
No latch inferred for signal `\qosoc_bus.\i2c_we_o' from process `\qosoc_bus.$proc$/home/hp013579/ihp-sg13g2-librelane/src/qosoc_bus.v:225$491'.
No latch inferred for signal `\qosoc_bus.\i2c_cyc_o' from process `\qosoc_bus.$proc$/home/hp013579/ihp-sg13g2-librelane/src/qosoc_bus.v:225$491'.
No latch inferred for signal `\qosoc_bus.\i2c_stb_o' from process `\qosoc_bus.$proc$/home/hp013579/ihp-sg13g2-librelane/src/qosoc_bus.v:225$491'.
No latch inferred for signal `\qosoc_bus.\pwm0_adr_o' from process `\qosoc_bus.$proc$/home/hp013579/ihp-sg13g2-librelane/src/qosoc_bus.v:225$491'.
No latch inferred for signal `\qosoc_bus.\pwm0_dat_o' from process `\qosoc_bus.$proc$/home/hp013579/ihp-sg13g2-librelane/src/qosoc_bus.v:225$491'.
No latch inferred for signal `\qosoc_bus.\pwm0_sel_o' from process `\qosoc_bus.$proc$/home/hp013579/ihp-sg13g2-librelane/src/qosoc_bus.v:225$491'.
No latch inferred for signal `\qosoc_bus.\pwm0_we_o' from process `\qosoc_bus.$proc$/home/hp013579/ihp-sg13g2-librelane/src/qosoc_bus.v:225$491'.
No latch inferred for signal `\qosoc_bus.\pwm0_cyc_o' from process `\qosoc_bus.$proc$/home/hp013579/ihp-sg13g2-librelane/src/qosoc_bus.v:225$491'.
No latch inferred for signal `\qosoc_bus.\pwm0_stb_o' from process `\qosoc_bus.$proc$/home/hp013579/ihp-sg13g2-librelane/src/qosoc_bus.v:225$491'.
No latch inferred for signal `\qosoc_bus.\rtc0_adr_o' from process `\qosoc_bus.$proc$/home/hp013579/ihp-sg13g2-librelane/src/qosoc_bus.v:225$491'.
No latch inferred for signal `\qosoc_bus.\rtc0_dat_o' from process `\qosoc_bus.$proc$/home/hp013579/ihp-sg13g2-librelane/src/qosoc_bus.v:225$491'.
No latch inferred for signal `\qosoc_bus.\rtc0_sel_o' from process `\qosoc_bus.$proc$/home/hp013579/ihp-sg13g2-librelane/src/qosoc_bus.v:225$491'.
No latch inferred for signal `\qosoc_bus.\rtc0_we_o' from process `\qosoc_bus.$proc$/home/hp013579/ihp-sg13g2-librelane/src/qosoc_bus.v:225$491'.
No latch inferred for signal `\qosoc_bus.\rtc0_cyc_o' from process `\qosoc_bus.$proc$/home/hp013579/ihp-sg13g2-librelane/src/qosoc_bus.v:225$491'.
No latch inferred for signal `\qosoc_bus.\rtc0_stb_o' from process `\qosoc_bus.$proc$/home/hp013579/ihp-sg13g2-librelane/src/qosoc_bus.v:225$491'.
No latch inferred for signal `\qosoc_bus.\rtc1_adr_o' from process `\qosoc_bus.$proc$/home/hp013579/ihp-sg13g2-librelane/src/qosoc_bus.v:225$491'.
No latch inferred for signal `\qosoc_bus.\rtc1_dat_o' from process `\qosoc_bus.$proc$/home/hp013579/ihp-sg13g2-librelane/src/qosoc_bus.v:225$491'.
No latch inferred for signal `\qosoc_bus.\rtc1_sel_o' from process `\qosoc_bus.$proc$/home/hp013579/ihp-sg13g2-librelane/src/qosoc_bus.v:225$491'.
No latch inferred for signal `\qosoc_bus.\rtc1_we_o' from process `\qosoc_bus.$proc$/home/hp013579/ihp-sg13g2-librelane/src/qosoc_bus.v:225$491'.
No latch inferred for signal `\qosoc_bus.\rtc1_cyc_o' from process `\qosoc_bus.$proc$/home/hp013579/ihp-sg13g2-librelane/src/qosoc_bus.v:225$491'.
No latch inferred for signal `\qosoc_bus.\rtc1_stb_o' from process `\qosoc_bus.$proc$/home/hp013579/ihp-sg13g2-librelane/src/qosoc_bus.v:225$491'.
No latch inferred for signal `\qosoc_bus.\wdog_adr_o' from process `\qosoc_bus.$proc$/home/hp013579/ihp-sg13g2-librelane/src/qosoc_bus.v:225$491'.
No latch inferred for signal `\qosoc_bus.\wdog_dat_o' from process `\qosoc_bus.$proc$/home/hp013579/ihp-sg13g2-librelane/src/qosoc_bus.v:225$491'.
No latch inferred for signal `\qosoc_bus.\wdog_sel_o' from process `\qosoc_bus.$proc$/home/hp013579/ihp-sg13g2-librelane/src/qosoc_bus.v:225$491'.
No latch inferred for signal `\qosoc_bus.\wdog_we_o' from process `\qosoc_bus.$proc$/home/hp013579/ihp-sg13g2-librelane/src/qosoc_bus.v:225$491'.
No latch inferred for signal `\qosoc_bus.\wdog_cyc_o' from process `\qosoc_bus.$proc$/home/hp013579/ihp-sg13g2-librelane/src/qosoc_bus.v:225$491'.
No latch inferred for signal `\qosoc_bus.\wdog_stb_o' from process `\qosoc_bus.$proc$/home/hp013579/ihp-sg13g2-librelane/src/qosoc_bus.v:225$491'.
No latch inferred for signal `\qosoc_bus.\sys_adr_o' from process `\qosoc_bus.$proc$/home/hp013579/ihp-sg13g2-librelane/src/qosoc_bus.v:225$491'.
No latch inferred for signal `\qosoc_bus.\sys_dat_o' from process `\qosoc_bus.$proc$/home/hp013579/ihp-sg13g2-librelane/src/qosoc_bus.v:225$491'.
No latch inferred for signal `\qosoc_bus.\sys_sel_o' from process `\qosoc_bus.$proc$/home/hp013579/ihp-sg13g2-librelane/src/qosoc_bus.v:225$491'.
No latch inferred for signal `\qosoc_bus.\sys_we_o' from process `\qosoc_bus.$proc$/home/hp013579/ihp-sg13g2-librelane/src/qosoc_bus.v:225$491'.
No latch inferred for signal `\qosoc_bus.\sys_cyc_o' from process `\qosoc_bus.$proc$/home/hp013579/ihp-sg13g2-librelane/src/qosoc_bus.v:225$491'.
No latch inferred for signal `\qosoc_bus.\sys_stb_o' from process `\qosoc_bus.$proc$/home/hp013579/ihp-sg13g2-librelane/src/qosoc_bus.v:225$491'.
No latch inferred for signal `\qosoc_bus.\pmu_adr_o' from process `\qosoc_bus.$proc$/home/hp013579/ihp-sg13g2-librelane/src/qosoc_bus.v:225$491'.
No latch inferred for signal `\qosoc_bus.\pmu_dat_o' from process `\qosoc_bus.$proc$/home/hp013579/ihp-sg13g2-librelane/src/qosoc_bus.v:225$491'.
No latch inferred for signal `\qosoc_bus.\pmu_sel_o' from process `\qosoc_bus.$proc$/home/hp013579/ihp-sg13g2-librelane/src/qosoc_bus.v:225$491'.
No latch inferred for signal `\qosoc_bus.\pmu_we_o' from process `\qosoc_bus.$proc$/home/hp013579/ihp-sg13g2-librelane/src/qosoc_bus.v:225$491'.
No latch inferred for signal `\qosoc_bus.\pmu_cyc_o' from process `\qosoc_bus.$proc$/home/hp013579/ihp-sg13g2-librelane/src/qosoc_bus.v:225$491'.
No latch inferred for signal `\qosoc_bus.\pmu_stb_o' from process `\qosoc_bus.$proc$/home/hp013579/ihp-sg13g2-librelane/src/qosoc_bus.v:225$491'.
No latch inferred for signal `$paramod\qosoc_rom\WORDS=s32'00000000000000000000010000000000.\rom_data' from process `$paramod\qosoc_rom\WORDS=s32'00000000000000000000010000000000.$proc$/home/hp013579/ihp-sg13g2-librelane/src/qosoc_rom.v:46$428'.
No latch inferred for signal `\qosoc_sram_wrapper.\next_state' from process `\qosoc_sram_wrapper.$proc$/home/hp013579/ihp-sg13g2-librelane/src/qosoc_sram_wrapper.v:123$398'.
No latch inferred for signal `\qosoc_sram_wrapper.\sram_men' from process `\qosoc_sram_wrapper.$proc$/home/hp013579/ihp-sg13g2-librelane/src/qosoc_sram_wrapper.v:93$380'.
No latch inferred for signal `\qosoc_sram_wrapper.\sram_wen' from process `\qosoc_sram_wrapper.$proc$/home/hp013579/ihp-sg13g2-librelane/src/qosoc_sram_wrapper.v:93$380'.
No latch inferred for signal `\qosoc_sram_wrapper.\sram_ren' from process `\qosoc_sram_wrapper.$proc$/home/hp013579/ihp-sg13g2-librelane/src/qosoc_sram_wrapper.v:93$380'.
No latch inferred for signal `\qosoc_sram_wrapper.\sram_addr' from process `\qosoc_sram_wrapper.$proc$/home/hp013579/ihp-sg13g2-librelane/src/qosoc_sram_wrapper.v:93$380'.
No latch inferred for signal `\qosoc_sram_wrapper.\sram_din' from process `\qosoc_sram_wrapper.$proc$/home/hp013579/ihp-sg13g2-librelane/src/qosoc_sram_wrapper.v:93$380'.
No latch inferred for signal `\qosoc_sram_wrapper.\sram_bm' from process `\qosoc_sram_wrapper.$proc$/home/hp013579/ihp-sg13g2-librelane/src/qosoc_sram_wrapper.v:93$380'.
No latch inferred for signal `\qosoc_sysctrl.\wb_dat_o' from process `\qosoc_sysctrl.$proc$/home/hp013579/ihp-sg13g2-librelane/src/qosoc_sysctrl.v:202$243'.
No latch inferred for signal `\qosoc_pmu.\wb_dat_o' from process `\qosoc_pmu.$proc$/home/hp013579/ihp-sg13g2-librelane/src/qosoc_pmu.v:395$211'.
No latch inferred for signal `\qosoc_pmu.\pwr_status' from process `\qosoc_pmu.$proc$/home/hp013579/ihp-sg13g2-librelane/src/qosoc_pmu.v:331$118'.
No latch inferred for signal `\qosoc_pmu.\cpu_sleep_req_o' from process `\qosoc_pmu.$proc$/home/hp013579/ihp-sg13g2-librelane/src/qosoc_pmu.v:295$108'.
No latch inferred for signal `\qosoc_pmu.\power_state_next' from process `\qosoc_pmu.$proc$/home/hp013579/ihp-sg13g2-librelane/src/qosoc_pmu.v:154$83'.
