236. Printing statistics.

=== qosoc_chip_top ===

        +----------Local Count, excluding submodules.
        |        +-Local Area, excluding submodules.
        |        | 
    24937        - wires
    30428        - wire bits
      783        - public wires
     5779        - public wire bits
       13        - ports
       23        - port bits
    29788   460800 cells
     5540        -   $_ANDNOT_
     1146        -   $_AND_
        1        -   $_DFFE_PN0N_
      351        -   $_DFFE_PN0P_
       98        -   $_DFFE_PN1P_
        8        -   $_DFFE_PN_
      915        -   $_DFFE_PP_
       69        -   $_DFF_PN0_
        7        -   $_DFF_PN1_
      292        -   $_DFF_P_
     7845        -   $_MUX_
     1245        -   $_NAND_
      928        -   $_NOR_
      904        -   $_NOT_
      831        -   $_ORNOT_
     4961        -   $_OR_
      643        -   $_SDFFCE_PN0P_
       69        -   $_SDFFCE_PP0P_
     1253        -   $_SDFFE_PN0P_
        1        -   $_SDFFE_PN1N_
       74        -   $_SDFFE_PN1P_
       30        -   $_SDFFE_PP0N_
      188        -   $_SDFFE_PP0P_
        8        -   $_SDFFE_PP1N_
       56        -   $_SDFFE_PP1P_
      597        -   $_SDFF_PN0_
       18        -   $_SDFF_PN1_
       98        -   $_SDFF_PP0_
       20        -   $_SDFF_PP1_
      300        -   $_XNOR_
     1256        -   $_XOR_
        1        -   RM_IHPSG13_1P_512x32_c2_bm_bist
        2    28800   sg13g2_IOPadIOVdd
        2    28800   sg13g2_IOPadIOVss
        4    57600   sg13g2_IOPadIn
       15   216000   sg13g2_IOPadInOut16mA
        4    57600   sg13g2_IOPadOut16mA
        3    43200   sg13g2_IOPadVdd
        2    28800   sg13g2_IOPadVss
        3        -   sg13g2_lgcp_1

   Area for cell type $_ANDNOT_ is unknown!
   Area for cell type $_AND_ is unknown!
   Area for cell type $_DFFE_PN0N_ is unknown!
   Area for cell type $_DFFE_PN0P_ is unknown!
   Area for cell type $_DFFE_PN1P_ is unknown!
   Area for cell type $_DFFE_PN_ is unknown!
   Area for cell type $_DFFE_PP_ is unknown!
   Area for cell type $_DFF_PN0_ is unknown!
   Area for cell type $_DFF_PN1_ is unknown!
   Area for cell type $_DFF_P_ is unknown!
   Area for cell type $_MUX_ is unknown!
   Area for cell type $_NAND_ is unknown!
   Area for cell type $_NOR_ is unknown!
   Area for cell type $_NOT_ is unknown!
   Area for cell type $_ORNOT_ is unknown!
   Area for cell type $_OR_ is unknown!
   Area for cell type $_SDFFCE_PN0P_ is unknown!
   Area for cell type $_SDFFCE_PP0P_ is unknown!
   Area for cell type $_SDFFE_PN0P_ is unknown!
   Area for cell type $_SDFFE_PN1N_ is unknown!
   Area for cell type $_SDFFE_PN1P_ is unknown!
   Area for cell type $_SDFFE_PP0N_ is unknown!
   Area for cell type $_SDFFE_PP0P_ is unknown!
   Area for cell type $_SDFFE_PP1N_ is unknown!
   Area for cell type $_SDFFE_PP1P_ is unknown!
   Area for cell type $_SDFF_PN0_ is unknown!
   Area for cell type $_SDFF_PN1_ is unknown!
   Area for cell type $_SDFF_PP0_ is unknown!
   Area for cell type $_SDFF_PP1_ is unknown!
   Area for cell type $_XNOR_ is unknown!
   Area for cell type $_XOR_ is unknown!
   Area for cell type \sg13g2_lgcp_1 is unknown!
   Area for cell type \RM_IHPSG13_1P_512x32_c2_bm_bist is unknown!

   Chip area for module '\qosoc_chip_top': 460800.000000
     of which used for sequential elements: 0.000000 (0.00%)

