
60. Executing CHECK pass (checking for obvious problems).
Checking module qosoc_chip_top...
Checking module $paramod\rxuart\INITIAL_SETUP=31'0000000000000000000000010001011...
Checking module $paramod\ufifo\LGFLEN=4'0100\RXFIFO=s32'00000000000000000000000000000001...
Checking module $paramod\ufifo\LGFLEN=4'0100\RXFIFO=s32'00000000000000000000000000000000...
Checking module $paramod\txuart\INITIAL_SETUP=31'0000000000000000000000010001011...
Checking module $paramod$6ce867071e603ba4daa1c576857077a9d7613c6a\picorv32...
Checking module $paramod$e0d6f1126b7eb6aac41c3c3ba25ddae9ffc71e8c\wbuart...
Checking module $paramod$919059510f9b73235d1232b2cabd62bb37804c97\wbqspiflash...
Checking module $paramod\qosoc_rtc\SIM_SPEEDUP=s32'00000000000000000000000000000000...
Checking module ptc_top...
Checking module $paramod\i2c_master_top\ARST_LVL=1'0...
Checking module $paramod$8406b04de68dbc985a1cb50a82de1b4958976d77\wbuart...
Checking module gpio_top...
Checking module qosoc_reset_sync...
Checking module qosoc_clk_gate...
Checking module $paramod$7d82f535ffda5199537ea51cf98c486af2a34168\picorv32_wb...
Checking module $paramod$1ee3c38cc758cc7cb8b2151be185428e8eb8447d\qosoc_debug_subsys...
Checking module qosoc_bus...
Checking module $paramod\qosoc_rom\WORDS=s32'00000000000000000000010000000000...
Checking module mbist_controller...
Checking module qosoc_sram_wrapper...
Checking module $paramod\qosoc_qspi\ADDRESS_WIDTH=s32'00000000000000000000000000010111...
Checking module qosoc_gpio...
Checking module qosoc_uart...
Checking module qosoc_i2c...
Checking module qosoc_ptc...
Checking module $paramod\qosoc_rtc_wrapper\SIM_SPEEDUP=s32'00000000000000000000000000000000...
Checking module qosoc_watchdog...
Checking module qosoc_sysctrl...
Checking module qosoc_pmu...
Checking module qosoc...
Checking module i2c_master_byte_ctrl...
Checking module i2c_master_bit_ctrl...
Checking module $paramod\ufifo\LGFLEN=4'0011\RXFIFO=s32'00000000000000000000000000000001...
Checking module $paramod\ufifo\LGFLEN=4'0011\RXFIFO=s32'00000000000000000000000000000000...
Checking module llqspi...
Found and reported 0 problems.
